app_x-cube-ai.c:184:26:ai_mnetwork_handle	0	static
app_x-cube-ai.c:175:9:ai_mnetwork_is_valid.isra.0	16	static
app_x-cube-ai.c:84:6:AccelWrite	24	static
app_x-cube-ai.c:93:6:AccelReadValues	24	static
app_x-cube-ai.c:100:6:AccelReadAddress	24	static
app_x-cube-ai.c:106:6:AccelInit	8	static
app_x-cube-ai.c:115:6:MX_X_CUBE_AI_Init	8	static
app_x-cube-ai.c:126:6:MX_X_CUBE_AI_Process	16	static
app_x-cube-ai.c:210:13:ai_mnetwork_find	8	static
app_x-cube-ai.c:229:10:ai_mnetwork_create	24	static
app_x-cube-ai.c:276:11:ai_mnetwork_destroy	16	static
app_x-cube-ai.c:293:9:ai_mnetwork_get_info	8	static
app_x-cube-ai.c:304:10:ai_mnetwork_get_error	8	static
app_x-cube-ai.c:319:9:ai_mnetwork_init	56	static
app_x-cube-ai.c:344:8:ai_mnetwork_run	16	static
app_x-cube-ai.c:356:8:ai_mnetwork_forward	8	static
app_x-cube-ai.c:367:5:ai_mnetwork_get_private_handle	16	static
